Archive member included because of file (symbol)

/Users/mattkram/Library/Application Support/Pebble SDK/SDKs/current/sdk-core/pebble/chalk/lib/libpebble.a(tmpCVl7Qbpebble.o)
                              src/mileage-recorder.c.8.o (app_event_loop)

Discarded input sections

 .text          0x0000000000000000        0x0 /Users/mattkram/pebble-dev/pebble-sdk-4.1.1-mac/arm-cs-tools/bin/../lib/gcc/arm-none-eabi/4.7.2/thumb2/crti.o
 .bss           0x0000000000000000        0x0 /Users/mattkram/pebble-dev/pebble-sdk-4.1.1-mac/arm-cs-tools/bin/../lib/gcc/arm-none-eabi/4.7.2/thumb2/crti.o
 .init          0x0000000000000000        0x4 /Users/mattkram/pebble-dev/pebble-sdk-4.1.1-mac/arm-cs-tools/bin/../lib/gcc/arm-none-eabi/4.7.2/thumb2/crti.o
 .fini          0x0000000000000000        0x4 /Users/mattkram/pebble-dev/pebble-sdk-4.1.1-mac/arm-cs-tools/bin/../lib/gcc/arm-none-eabi/4.7.2/thumb2/crti.o
 .text          0x0000000000000000       0xc8 /Users/mattkram/pebble-dev/pebble-sdk-4.1.1-mac/arm-cs-tools/bin/../lib/gcc/arm-none-eabi/4.7.2/thumb2/crtbegin.o
 .bss           0x0000000000000000       0x1c /Users/mattkram/pebble-dev/pebble-sdk-4.1.1-mac/arm-cs-tools/bin/../lib/gcc/arm-none-eabi/4.7.2/thumb2/crtbegin.o
 .init_array    0x0000000000000000        0x4 /Users/mattkram/pebble-dev/pebble-sdk-4.1.1-mac/arm-cs-tools/bin/../lib/gcc/arm-none-eabi/4.7.2/thumb2/crtbegin.o
 .fini_array    0x0000000000000000        0x4 /Users/mattkram/pebble-dev/pebble-sdk-4.1.1-mac/arm-cs-tools/bin/../lib/gcc/arm-none-eabi/4.7.2/thumb2/crtbegin.o
 .eh_frame      0x0000000000000000        0x0 /Users/mattkram/pebble-dev/pebble-sdk-4.1.1-mac/arm-cs-tools/bin/../lib/gcc/arm-none-eabi/4.7.2/thumb2/crtbegin.o
 .jcr           0x0000000000000000        0x0 /Users/mattkram/pebble-dev/pebble-sdk-4.1.1-mac/arm-cs-tools/bin/../lib/gcc/arm-none-eabi/4.7.2/thumb2/crtbegin.o
 .tm_clone_table
                0x0000000000000000        0x0 /Users/mattkram/pebble-dev/pebble-sdk-4.1.1-mac/arm-cs-tools/bin/../lib/gcc/arm-none-eabi/4.7.2/thumb2/crtbegin.o
 .text          0x0000000000000000        0x0 src/helper_functions.c.8.o
 .bss           0x0000000000000000        0x0 src/helper_functions.c.8.o
 .text          0x0000000000000000        0x0 src/layers/selection_layer.c.8.o
 .bss           0x0000000000000000        0x0 src/layers/selection_layer.c.8.o
 .text.selection_layer_destroy
                0x0000000000000000       0x1c src/layers/selection_layer.c.8.o
 .text.selection_layer_set_font
                0x0000000000000000        0xe src/layers/selection_layer.c.8.o
 .text.selection_layer_set_active
                0x0000000000000000       0x30 src/layers/selection_layer.c.8.o
 .text          0x0000000000000000        0x0 src/mileage-recorder.c.8.o
 .bss           0x0000000000000000        0x0 src/mileage-recorder.c.8.o
 .text          0x0000000000000000        0x0 src/windows/pin_window.c.8.o
 .bss           0x0000000000000000        0x0 src/windows/pin_window.c.8.o
 .text.pin_destroy
                0x0000000000000000       0x18 src/windows/pin_window.c.8.o
 .text.pin_window_destroy
                0x0000000000000000       0x5c src/windows/pin_window.c.8.o
 .text.pin_window_get_topmost_window
                0x0000000000000000       0x12 src/windows/pin_window.c.8.o
 .text.pin_window_set_highlight_color
                0x0000000000000000        0x8 src/windows/pin_window.c.8.o
 .text          0x0000000000000000        0x0 chalk/appinfo.auto.c.8.o
 .bss           0x0000000000000000        0x0 chalk/appinfo.auto.c.8.o
 .bss           0x0000000000000000        0x0 /Users/mattkram/Library/Application Support/Pebble SDK/SDKs/current/sdk-core/pebble/chalk/lib/libpebble.a(tmpCVl7Qbpebble.o)
 .text.accel_data_service_subscribe__deprecated
                0x0000000000000000        0xc /Users/mattkram/Library/Application Support/Pebble SDK/SDKs/current/sdk-core/pebble/chalk/lib/libpebble.a(tmpCVl7Qbpebble.o)
 .text.accel_data_service_unsubscribe
                0x0000000000000000        0xc /Users/mattkram/Library/Application Support/Pebble SDK/SDKs/current/sdk-core/pebble/chalk/lib/libpebble.a(tmpCVl7Qbpebble.o)
 .text.accel_service_peek
                0x0000000000000000        0xc /Users/mattkram/Library/Application Support/Pebble SDK/SDKs/current/sdk-core/pebble/chalk/lib/libpebble.a(tmpCVl7Qbpebble.o)
 .text.accel_service_set_samples_per_update
                0x0000000000000000        0xc /Users/mattkram/Library/Application Support/Pebble SDK/SDKs/current/sdk-core/pebble/chalk/lib/libpebble.a(tmpCVl7Qbpebble.o)
 .text.accel_service_set_sampling_rate
                0x0000000000000000        0xc /Users/mattkram/Library/Application Support/Pebble SDK/SDKs/current/sdk-core/pebble/chalk/lib/libpebble.a(tmpCVl7Qbpebble.o)
 .text.accel_tap_service_subscribe
                0x0000000000000000        0xc /Users/mattkram/Library/Application Support/Pebble SDK/SDKs/current/sdk-core/pebble/chalk/lib/libpebble.a(tmpCVl7Qbpebble.o)
 .text.accel_tap_service_unsubscribe
[...]
Memory Configuration

Name             Origin             Length             Attributes
APP              0x0000000000000000 0x0000000000010000 xrw
*default*        0x0000000000000000 0xffffffffffffffff

Linker script and memory map

LOAD /Users/mattkram/pebble-dev/pebble-sdk-4.1.1-mac/arm-cs-tools/bin/../lib/gcc/arm-none-eabi/4.7.2/thumb2/crti.o
LOAD /Users/mattkram/pebble-dev/pebble-sdk-4.1.1-mac/arm-cs-tools/bin/../lib/gcc/arm-none-eabi/4.7.2/thumb2/crtbegin.o
LOAD src/helper_functions.c.8.o
LOAD src/layers/selection_layer.c.8.o
LOAD src/mileage-recorder.c.8.o
LOAD src/windows/pin_window.c.8.o
LOAD chalk/appinfo.auto.c.8.o
LOAD /Users/mattkram/Library/Application Support/Pebble SDK/SDKs/current/sdk-core/pebble/chalk/lib/libpebble.a
START GROUP
LOAD /Users/mattkram/pebble-dev/pebble-sdk-4.1.1-mac/arm-cs-tools/bin/../lib/gcc/arm-none-eabi/4.7.2/thumb2/libgcc.a
LOAD /Users/mattkram/pebble-dev/pebble-sdk-4.1.1-mac/arm-cs-tools/bin/../lib/gcc/arm-none-eabi/4.7.2/../../../../arm-none-eabi/lib/thumb2/libc.a
END GROUP
LOAD /Users/mattkram/pebble-dev/pebble-sdk-4.1.1-mac/arm-cs-tools/bin/../lib/gcc/arm-none-eabi/4.7.2/thumb2/crtend.o
LOAD /Users/mattkram/pebble-dev/pebble-sdk-4.1.1-mac/arm-cs-tools/bin/../lib/gcc/arm-none-eabi/4.7.2/thumb2/crtn.o

.header         0x0000000000000000       0x82
 *(.pbl_header)
 .pbl_header    0x0000000000000000       0x82 chalk/appinfo.auto.c.8.o
                0x0000000000000000                __pbl_app_info

.note.gnu.build-id
                0x0000000000000082       0x26
                0x0000000000000082                PROVIDE (BUILD_ID, .)
 *(.note.gnu.build-id)
 *fill*         0x0000000000000082        0x2 
 .note.gnu.build-id
                0x0000000000000084       0x24 linker stubs

.text           0x00000000000000a8     0x1768
 *(.text)
 .text          0x00000000000000a8       0x14 /Users/mattkram/Library/Application Support/Pebble SDK/SDKs/current/sdk-core/pebble/chalk/lib/libpebble.a(tmpCVl7Qbpebble.o)
 *(.text.*)
 .text.pow10    0x00000000000000bc       0x14 src/helper_functions.c.8.o
                0x00000000000000bc                pow10
 .text.prv_click_config_provider
                0x00000000000000d0       0x64 src/layers/selection_layer.c.8.o
 .text.prv_create_slide_settle_animation
                0x0000000000000134       0x6c src/layers/selection_layer.c.8.o
 .text.prv_run_slide_animation
                0x00000000000001a0       0x90 src/layers/selection_layer.c.8.o
 .text.prv_back_click_handler
                0x0000000000000230       0x38 src/layers/selection_layer.c.8.o
                0x0000000000000230                prv_back_click_handler
 .text.prv_select_click_handler
                0x0000000000000268       0x40 src/layers/selection_layer.c.8.o
                0x0000000000000268                prv_select_click_handler
 .text.prv_create_bump_settle_animation
                0x00000000000002a8       0x68 src/layers/selection_layer.c.8.o
 .text.prv_run_value_change_animation
                0x0000000000000310       0x8c src/layers/selection_layer.c.8.o
 .text.prv_slide_impl
                0x000000000000039c       0x26 src/layers/selection_layer.c.8.o
 *fill*         0x00000000000003c2        0x2 
 .text.prv_slide_settle_impl
                0x00000000000003c4       0x2c src/layers/selection_layer.c.8.o
 .text.prv_bump_text_impl
                0x00000000000003f0       0x26 src/layers/selection_layer.c.8.o
 .text.prv_bump_settle_impl
                0x0000000000000416       0x26 src/layers/selection_layer.c.8.o
 .text.prv_slide_stopped
                0x000000000000043c       0x36 src/layers/selection_layer.c.8.o
 .text.prv_slide_settle_stopped
                0x0000000000000472       0x1c src/layers/selection_layer.c.8.o
 .text.prv_bump_text_stopped
                0x000000000000048e       0x3c src/layers/selection_layer.c.8.o
 .text.prv_bump_settle_stopped
                0x00000000000004ca       0x1a src/layers/selection_layer.c.8.o
 .text.prv_down_click_handler
                0x00000000000004e4       0x50 src/layers/selection_layer.c.8.o
                0x00000000000004e4                prv_down_click_handler
 .text.prv_up_click_handler
                0x0000000000000534       0x52 src/layers/selection_layer.c.8.o
                0x0000000000000534                prv_up_click_handler
 *fill*         0x0000000000000586        0x2 
 .text.prv_get_font_top_padding
                0x0000000000000588       0x30 src/layers/selection_layer.c.8.o
 .text.prv_get_y_offset_which_vertically_centers_font
                0x00000000000005b8       0x44 src/layers/selection_layer.c.8.o
 .text.prv_draw_selection_layer
                0x00000000000005fc      0x3a4 src/layers/selection_layer.c.8.o
 .text.selection_layer_create
                0x00000000000009a0       0x9c src/layers/selection_layer.c.8.o
                0x00000000000009a0                selection_layer_create
 .text.selection_layer_set_cell_width
                0x0000000000000a3c       0x1a src/layers/selection_layer.c.8.o
                0x0000000000000a3c                selection_layer_set_cell_width
 .text.selection_layer_set_inactive_bg_color
                0x0000000000000a56       0x10 src/layers/selection_layer.c.8.o
                0x0000000000000a56                selection_layer_set_inactive_bg_color
 .text.selection_layer_set_active_bg_color
                0x0000000000000a66       0x10 src/layers/selection_layer.c.8.o
                0x0000000000000a66                selection_layer_set_active_bg_color
 .text.selection_layer_set_cell_padding
                0x0000000000000a76        0xe src/layers/selection_layer.c.8.o
                0x0000000000000a76                selection_layer_set_cell_padding
 .text.selection_layer_set_click_config_onto_window
                0x0000000000000a84       0x18 src/layers/selection_layer.c.8.o
                0x0000000000000a84                selection_layer_set_click_config_onto_window
 .text.selection_layer_set_callbacks
                0x0000000000000a9c       0x2a src/layers/selection_layer.c.8.o
                0x0000000000000a9c                selection_layer_set_callbacks
 .text.inbox_received_callback
                0x0000000000000ac6        0x2 src/mileage-recorder.c.8.o
 .text.menu_get_num_rows_callback
                0x0000000000000ac8        0x4 src/mileage-recorder.c.8.o
 .text.outbox_sent_callback
                0x0000000000000acc       0x18 src/mileage-recorder.c.8.o
 .text.outbox_failed_callback
                0x0000000000000ae4       0x18 src/mileage-recorder.c.8.o
 .text.inbox_dropped_callback
                0x0000000000000afc       0x18 src/mileage-recorder.c.8.o
 .text.main_window_unload
                0x0000000000000b14       0x10 src/mileage-recorder.c.8.o
 .text.main_window_load
                0x0000000000000b24       0xac src/mileage-recorder.c.8.o
 .text.menu_select_callback
                0x0000000000000bd0       0xd0 src/mileage-recorder.c.8.o
 .text.quantity_complete_callback
                0x0000000000000ca0       0x58 src/mileage-recorder.c.8.o
 .text.price_complete_callback
                0x0000000000000cf8       0x58 src/mileage-recorder.c.8.o
 .text.odometer_complete_callback
                0x0000000000000d50       0x3c src/mileage-recorder.c.8.o
 .text.menu_draw_row_callback
                0x0000000000000d8c      0x130 src/mileage-recorder.c.8.o
 .text.get_cell_height_callback
                0x0000000000000ebc       0x1a src/mileage-recorder.c.8.o
 *fill*         0x0000000000000ed6        0x2 
 .text.startup.main
                0x0000000000000ed8       0xb8 src/mileage-recorder.c.8.o
                0x0000000000000ed8                main
 .text.selection_handle_complete
                0x0000000000000f90        0xc src/windows/pin_window.c.8.o
 .text.selection_handle_inc
                0x0000000000000f9c       0x16 src/windows/pin_window.c.8.o
 .text.selection_handle_dec
                0x0000000000000fb2       0x14 src/windows/pin_window.c.8.o
 *fill*         0x0000000000000fc6        0x2 
 .text.selection_handle_get_text
                0x0000000000000fc8       0x2c src/windows/pin_window.c.8.o
 .text.pin_digits_to_int
                0x0000000000000ff4       0x74 src/windows/pin_window.c.8.o
                0x0000000000000ff4                pin_digits_to_int
 .text.pin_create
                0x0000000000001068       0x38 src/windows/pin_window.c.8.o
                0x0000000000001068                pin_create
 .text.pin_window_set_title
                0x00000000000010a0        0x6 src/windows/pin_window.c.8.o
                0x00000000000010a0                pin_window_set_title
 *fill*         0x00000000000010a6        0x2 
 .text.pin_window_create
                0x00000000000010a8      0x254 src/windows/pin_window.c.8.o
                0x00000000000010a8                pin_window_create
 .text.pin_window_push
                0x00000000000012fc        0x6 src/windows/pin_window.c.8.o
                0x00000000000012fc                pin_window_push
 .text.pin_window_pop
                0x0000000000001302        0x6 src/windows/pin_window.c.8.o
                0x0000000000001302                pin_window_pop
 .text.app_event_loop
                0x0000000000001308        0xc /Users/mattkram/Library/Application Support/Pebble SDK/SDKs/current/sdk-core/pebble/chalk/lib/libpebble.a(tmpCVl7Qbpebble.o)
                0x0000000000001308                app_event_loop
 .text.app_log  0x0000000000001314        0xc /Users/mattkram/Library/Application Support/Pebble SDK/SDKs/current/sdk-core/pebble/chalk/lib/libpebble.a(tmpCVl7Qbpebble.o)
                0x0000000000001314                app_log
 .text.app_message_open
                0x0000000000001320        0xc /Users/mattkram/Library/Application Support/Pebble SDK/SDKs/current/sdk-core/pebble/chalk/lib/libpebble.a(tmpCVl7Qbpebble.o)
                0x0000000000001320                app_message_open
 .text.click_number_of_clicks_counted
                0x000000000000132c        0xc /Users/mattkram/Library/Application Support/Pebble SDK/SDKs/current/sdk-core/pebble/chalk/lib/libpebble.a(tmpCVl7Qbpebble.o)
                0x000000000000132c                click_number_of_clicks_counted
 .text.dict_write_uint32
                0x0000000000001338        0xc /Users/mattkram/Library/Application Support/Pebble SDK/SDKs/current/sdk-core/pebble/chalk/lib/libpebble.a(tmpCVl7Qbpebble.o)
                0x0000000000001338                dict_write_uint32
 .text.fonts_get_system_font
                0x0000000000001344        0xc /Users/mattkram/Library/Application Support/Pebble SDK/SDKs/current/sdk-core/pebble/chalk/lib/libpebble.a(tmpCVl7Qbpebble.o)
                0x0000000000001344                fonts_get_system_font
 .text.graphics_fill_rect
                0x0000000000001350        0xc /Users/mattkram/Library/Application Support/Pebble SDK/SDKs/current/sdk-core/pebble/chalk/lib/libpebble.a(tmpCVl7Qbpebble.o)
                0x0000000000001350                graphics_fill_rect
 .text.layer_add_child
                0x000000000000135c        0xc /Users/mattkram/Library/Application Support/Pebble SDK/SDKs/current/sdk-core/pebble/chalk/lib/libpebble.a(tmpCVl7Qbpebble.o)
                0x000000000000135c                layer_add_child
 .text.layer_create_with_data
                0x0000000000001368        0xc /Users/mattkram/Library/Application Support/Pebble SDK/SDKs/current/sdk-core/pebble/chalk/lib/libpebble.a(tmpCVl7Qbpebble.o)
                0x0000000000001368                layer_create_with_data
 .text.layer_get_bounds
                0x0000000000001374        0xc /Users/mattkram/Library/Application Support/Pebble SDK/SDKs/current/sdk-core/pebble/chalk/lib/libpebble.a(tmpCVl7Qbpebble.o)
                0x0000000000001374                layer_get_bounds
 .text.layer_get_data
                0x0000000000001380        0xc /Users/mattkram/Library/Application Support/Pebble SDK/SDKs/current/sdk-core/pebble/chalk/lib/libpebble.a(tmpCVl7Qbpebble.o)
                0x0000000000001380                layer_get_data
 .text.layer_mark_dirty
                0x000000000000138c        0xc /Users/mattkram/Library/Application Support/Pebble SDK/SDKs/current/sdk-core/pebble/chalk/lib/libpebble.a(tmpCVl7Qbpebble.o)
                0x000000000000138c                layer_mark_dirty
 .text.layer_set_clips
                0x0000000000001398        0xc /Users/mattkram/Library/Application Support/Pebble SDK/SDKs/current/sdk-core/pebble/chalk/lib/libpebble.a(tmpCVl7Qbpebble.o)
                0x0000000000001398                layer_set_clips
 .text.layer_set_frame
                0x00000000000013a4        0xc /Users/mattkram/Library/Application Support/Pebble SDK/SDKs/current/sdk-core/pebble/chalk/lib/libpebble.a(tmpCVl7Qbpebble.o)
                0x00000000000013a4                layer_set_frame
 .text.layer_set_update_proc
                0x00000000000013b0        0xc /Users/mattkram/Library/Application Support/Pebble SDK/SDKs/current/sdk-core/pebble/chalk/lib/libpebble.a(tmpCVl7Qbpebble.o)
                0x00000000000013b0                layer_set_update_proc
 .text.malloc   0x00000000000013bc        0xc /Users/mattkram/Library/Application Support/Pebble SDK/SDKs/current/sdk-core/pebble/chalk/lib/libpebble.a(tmpCVl7Qbpebble.o)
                0x00000000000013bc                malloc
 .text.memset   0x00000000000013c8        0xc /Users/mattkram/Library/Application Support/Pebble SDK/SDKs/current/sdk-core/pebble/chalk/lib/libpebble.a(tmpCVl7Qbpebble.o)
                0x00000000000013c8                memset
 .text.menu_cell_basic_draw
                0x00000000000013d4        0xc /Users/mattkram/Library/Application Support/Pebble SDK/SDKs/current/sdk-core/pebble/chalk/lib/libpebble.a(tmpCVl7Qbpebble.o)
                0x00000000000013d4                menu_cell_basic_draw
 .text.menu_layer_destroy
                0x00000000000013e0        0xc /Users/mattkram/Library/Application Support/Pebble SDK/SDKs/current/sdk-core/pebble/chalk/lib/libpebble.a(tmpCVl7Qbpebble.o)
                0x00000000000013e0                menu_layer_destroy
 .text.menu_layer_get_layer
                0x00000000000013ec        0xc /Users/mattkram/Library/Application Support/Pebble SDK/SDKs/current/sdk-core/pebble/chalk/lib/libpebble.a(tmpCVl7Qbpebble.o)
                0x00000000000013ec                menu_layer_get_layer
 .text.menu_layer_set_click_config_onto_window
                0x00000000000013f8        0xc /Users/mattkram/Library/Application Support/Pebble SDK/SDKs/current/sdk-core/pebble/chalk/lib/libpebble.a(tmpCVl7Qbpebble.o)
                0x00000000000013f8                menu_layer_set_click_config_onto_window
 .text.snprintf
                0x0000000000001404        0xc /Users/mattkram/Library/Application Support/Pebble SDK/SDKs/current/sdk-core/pebble/chalk/lib/libpebble.a(tmpCVl7Qbpebble.o)
                0x0000000000001404                snprintf
 .text.window_create
                0x0000000000001410        0xc /Users/mattkram/Library/Application Support/Pebble SDK/SDKs/current/sdk-core/pebble/chalk/lib/libpebble.a(tmpCVl7Qbpebble.o)
                0x0000000000001410                window_create
 .text.window_destroy
                0x000000000000141c        0xc /Users/mattkram/Library/Application Support/Pebble SDK/SDKs/current/sdk-core/pebble/chalk/lib/libpebble.a(tmpCVl7Qbpebble.o)
                0x000000000000141c                window_destroy
 .text.window_get_root_layer
                0x0000000000001428        0xc /Users/mattkram/Library/Application Support/Pebble SDK/SDKs/current/sdk-core/pebble/chalk/lib/libpebble.a(tmpCVl7Qbpebble.o)
                0x0000000000001428                window_get_root_layer
 .text.window_set_click_config_provider_with_context
                0x0000000000001434        0xc /Users/mattkram/Library/Application Support/Pebble SDK/SDKs/current/sdk-core/pebble/chalk/lib/libpebble.a(tmpCVl7Qbpebble.o)
                0x0000000000001434                window_set_click_config_provider_with_context
 .text.window_set_window_handlers
                0x0000000000001440        0xc /Users/mattkram/Library/Application Support/Pebble SDK/SDKs/current/sdk-core/pebble/chalk/lib/libpebble.a(tmpCVl7Qbpebble.o)
                0x0000000000001440                window_set_window_handlers
 .text.window_stack_pop
                0x000000000000144c        0xc /Users/mattkram/Library/Application Support/Pebble SDK/SDKs/current/sdk-core/pebble/chalk/lib/libpebble.a(tmpCVl7Qbpebble.o)
                0x000000000000144c                window_stack_pop
 .text.window_stack_push
                0x0000000000001458        0xc /Users/mattkram/Library/Application Support/Pebble SDK/SDKs/current/sdk-core/pebble/chalk/lib/libpebble.a(tmpCVl7Qbpebble.o)
                0x0000000000001458                window_stack_push
 .text.window_stack_remove
                0x0000000000001464        0xc /Users/mattkram/Library/Application Support/Pebble SDK/SDKs/current/sdk-core/pebble/chalk/lib/libpebble.a(tmpCVl7Qbpebble.o)
                0x0000000000001464                window_stack_remove
 .text.app_message_inbox_size_maximum
                0x0000000000001470        0xc /Users/mattkram/Library/Application Support/Pebble SDK/SDKs/current/sdk-core/pebble/chalk/lib/libpebble.a(tmpCVl7Qbpebble.o)
                0x0000000000001470                app_message_inbox_size_maximum
 .text.app_message_outbox_begin
                0x000000000000147c        0xc /Users/mattkram/Library/Application Support/Pebble SDK/SDKs/current/sdk-core/pebble/chalk/lib/libpebble.a(tmpCVl7Qbpebble.o)
                0x000000000000147c                app_message_outbox_begin
 .text.app_message_outbox_send
                0x0000000000001488        0xc /Users/mattkram/Library/Application Support/Pebble SDK/SDKs/current/sdk-core/pebble/chalk/lib/libpebble.a(tmpCVl7Qbpebble.o)
                0x0000000000001488                app_message_outbox_send
 .text.app_message_outbox_size_maximum
                0x0000000000001494        0xc /Users/mattkram/Library/Application Support/Pebble SDK/SDKs/current/sdk-core/pebble/chalk/lib/libpebble.a(tmpCVl7Qbpebble.o)
                0x0000000000001494                app_message_outbox_size_maximum
 .text.app_message_register_inbox_dropped
                0x00000000000014a0        0xc /Users/mattkram/Library/Application Support/Pebble SDK/SDKs/current/sdk-core/pebble/chalk/lib/libpebble.a(tmpCVl7Qbpebble.o)
                0x00000000000014a0                app_message_register_inbox_dropped
 .text.app_message_register_inbox_received
                0x00000000000014ac        0xc /Users/mattkram/Library/Application Support/Pebble SDK/SDKs/current/sdk-core/pebble/chalk/lib/libpebble.a(tmpCVl7Qbpebble.o)
                0x00000000000014ac                app_message_register_inbox_received
 .text.app_message_register_outbox_failed
                0x00000000000014b8        0xc /Users/mattkram/Library/Application Support/Pebble SDK/SDKs/current/sdk-core/pebble/chalk/lib/libpebble.a(tmpCVl7Qbpebble.o)
                0x00000000000014b8                app_message_register_outbox_failed
 .text.app_message_register_outbox_sent
                0x00000000000014c4        0xc /Users/mattkram/Library/Application Support/Pebble SDK/SDKs/current/sdk-core/pebble/chalk/lib/libpebble.a(tmpCVl7Qbpebble.o)
                0x00000000000014c4                app_message_register_outbox_sent
 .text.window_set_click_context
                0x00000000000014d0        0xc /Users/mattkram/Library/Application Support/Pebble SDK/SDKs/current/sdk-core/pebble/chalk/lib/libpebble.a(tmpCVl7Qbpebble.o)
                0x00000000000014d0                window_set_click_context
 .text.window_single_click_subscribe
                0x00000000000014dc        0xc /Users/mattkram/Library/Application Support/Pebble SDK/SDKs/current/sdk-core/pebble/chalk/lib/libpebble.a(tmpCVl7Qbpebble.o)
                0x00000000000014dc                window_single_click_subscribe
 .text.window_single_repeating_click_subscribe
                0x00000000000014e8        0xc /Users/mattkram/Library/Application Support/Pebble SDK/SDKs/current/sdk-core/pebble/chalk/lib/libpebble.a(tmpCVl7Qbpebble.o)
                0x00000000000014e8                window_single_repeating_click_subscribe
 .text.graphics_draw_text
                0x00000000000014f4        0xc /Users/mattkram/Library/Application Support/Pebble SDK/SDKs/current/sdk-core/pebble/chalk/lib/libpebble.a(tmpCVl7Qbpebble.o)
                0x00000000000014f4                graphics_draw_text
 .text.click_recognizer_is_repeating
                0x0000000000001500        0xc /Users/mattkram/Library/Application Support/Pebble SDK/SDKs/current/sdk-core/pebble/chalk/lib/libpebble.a(tmpCVl7Qbpebble.o)
                0x0000000000001500                click_recognizer_is_repeating
 .text.graphics_context_set_fill_color
                0x000000000000150c        0xc /Users/mattkram/Library/Application Support/Pebble SDK/SDKs/current/sdk-core/pebble/chalk/lib/libpebble.a(tmpCVl7Qbpebble.o)
                0x000000000000150c                graphics_context_set_fill_color
 .text.graphics_context_set_text_color
                0x0000000000001518        0xc /Users/mattkram/Library/Application Support/Pebble SDK/SDKs/current/sdk-core/pebble/chalk/lib/libpebble.a(tmpCVl7Qbpebble.o)
                0x0000000000001518                graphics_context_set_text_color
 .text.animation_destroy
                0x0000000000001524        0xc /Users/mattkram/Library/Application Support/Pebble SDK/SDKs/current/sdk-core/pebble/chalk/lib/libpebble.a(tmpCVl7Qbpebble.o)
                0x0000000000001524                animation_destroy
 .text.animation_get_context
                0x0000000000001530        0xc /Users/mattkram/Library/Application Support/Pebble SDK/SDKs/current/sdk-core/pebble/chalk/lib/libpebble.a(tmpCVl7Qbpebble.o)
                0x0000000000001530                animation_get_context
 .text.animation_schedule
                0x000000000000153c        0xc /Users/mattkram/Library/Application Support/Pebble SDK/SDKs/current/sdk-core/pebble/chalk/lib/libpebble.a(tmpCVl7Qbpebble.o)
                0x000000000000153c                animation_schedule
 .text.animation_set_curve
                0x0000000000001548        0xc /Users/mattkram/Library/Application Support/Pebble SDK/SDKs/current/sdk-core/pebble/chalk/lib/libpebble.a(tmpCVl7Qbpebble.o)
                0x0000000000001548                animation_set_curve
 .text.animation_set_duration
                0x0000000000001554        0xc /Users/mattkram/Library/Application Support/Pebble SDK/SDKs/current/sdk-core/pebble/chalk/lib/libpebble.a(tmpCVl7Qbpebble.o)
                0x0000000000001554                animation_set_duration
 .text.animation_set_handlers
                0x0000000000001560        0xc /Users/mattkram/Library/Application Support/Pebble SDK/SDKs/current/sdk-core/pebble/chalk/lib/libpebble.a(tmpCVl7Qbpebble.o)
                0x0000000000001560                animation_set_handlers
 .text.animation_set_implementation
                0x000000000000156c        0xc /Users/mattkram/Library/Application Support/Pebble SDK/SDKs/current/sdk-core/pebble/chalk/lib/libpebble.a(tmpCVl7Qbpebble.o)
                0x000000000000156c                animation_set_implementation
 .text.animation_unschedule
                0x0000000000001578        0xc /Users/mattkram/Library/Application Support/Pebble SDK/SDKs/current/sdk-core/pebble/chalk/lib/libpebble.a(tmpCVl7Qbpebble.o)
                0x0000000000001578                animation_unschedule
 .text.property_animation_create_layer_frame
                0x0000000000001584        0xc /Users/mattkram/Library/Application Support/Pebble SDK/SDKs/current/sdk-core/pebble/chalk/lib/libpebble.a(tmpCVl7Qbpebble.o)
                0x0000000000001584                property_animation_create_layer_frame
 .text.property_animation_get_animation
                0x0000000000001590        0xc /Users/mattkram/Library/Application Support/Pebble SDK/SDKs/current/sdk-core/pebble/chalk/lib/libpebble.a(tmpCVl7Qbpebble.o)
                0x0000000000001590                property_animation_get_animation
 .text.animation_sequence_create
                0x000000000000159c        0xc /Users/mattkram/Library/Application Support/Pebble SDK/SDKs/current/sdk-core/pebble/chalk/lib/libpebble.a(tmpCVl7Qbpebble.o)
                0x000000000000159c                animation_sequence_create
 .text.menu_layer_create
                0x00000000000015a8        0xc /Users/mattkram/Library/Application Support/Pebble SDK/SDKs/current/sdk-core/pebble/chalk/lib/libpebble.a(tmpCVl7Qbpebble.o)
                0x00000000000015a8                menu_layer_create
 .text.text_layer_create
                0x00000000000015b4        0xc /Users/mattkram/Library/Application Support/Pebble SDK/SDKs/current/sdk-core/pebble/chalk/lib/libpebble.a(tmpCVl7Qbpebble.o)
                0x00000000000015b4                text_layer_create
 .text.text_layer_get_layer
                0x00000000000015c0        0xc /Users/mattkram/Library/Application Support/Pebble SDK/SDKs/current/sdk-core/pebble/chalk/lib/libpebble.a(tmpCVl7Qbpebble.o)
                0x00000000000015c0                text_layer_get_layer
 .text.text_layer_set_font
                0x00000000000015cc        0xc /Users/mattkram/Library/Application Support/Pebble SDK/SDKs/current/sdk-core/pebble/chalk/lib/libpebble.a(tmpCVl7Qbpebble.o)
                0x00000000000015cc                text_layer_set_font
 .text.text_layer_set_text
                0x00000000000015d8        0xc /Users/mattkram/Library/Application Support/Pebble SDK/SDKs/current/sdk-core/pebble/chalk/lib/libpebble.a(tmpCVl7Qbpebble.o)
                0x00000000000015d8                text_layer_set_text
 .text.text_layer_set_text_alignment
                0x00000000000015e4        0xc /Users/mattkram/Library/Application Support/Pebble SDK/SDKs/current/sdk-core/pebble/chalk/lib/libpebble.a(tmpCVl7Qbpebble.o)
                0x00000000000015e4                text_layer_set_text_alignment
 .text.menu_layer_set_callbacks
                0x00000000000015f0        0xc /Users/mattkram/Library/Application Support/Pebble SDK/SDKs/current/sdk-core/pebble/chalk/lib/libpebble.a(tmpCVl7Qbpebble.o)
                0x00000000000015f0                menu_layer_set_callbacks
 .text.status_bar_layer_create
                0x00000000000015fc        0xc /Users/mattkram/Library/Application Support/Pebble SDK/SDKs/current/sdk-core/pebble/chalk/lib/libpebble.a(tmpCVl7Qbpebble.o)
                0x00000000000015fc                status_bar_layer_create
 .text.status_bar_layer_get_layer
                0x0000000000001608        0xc /Users/mattkram/Library/Application Support/Pebble SDK/SDKs/current/sdk-core/pebble/chalk/lib/libpebble.a(tmpCVl7Qbpebble.o)
                0x0000000000001608                status_bar_layer_get_layer
 .text.status_bar_layer_set_colors
                0x0000000000001614        0xc /Users/mattkram/Library/Application Support/Pebble SDK/SDKs/current/sdk-core/pebble/chalk/lib/libpebble.a(tmpCVl7Qbpebble.o)
                0x0000000000001614                status_bar_layer_set_colors
 .text.grect_inset
                0x0000000000001620        0xc /Users/mattkram/Library/Application Support/Pebble SDK/SDKs/current/sdk-core/pebble/chalk/lib/libpebble.a(tmpCVl7Qbpebble.o)
                0x0000000000001620                grect_inset
 .text.menu_layer_is_index_selected
                0x000000000000162c        0xc /Users/mattkram/Library/Application Support/Pebble SDK/SDKs/current/sdk-core/pebble/chalk/lib/libpebble.a(tmpCVl7Qbpebble.o)
                0x000000000000162c                menu_layer_is_index_selected
 *(.rodata)
 *(.rodata*)
 .rodata.str1.1
                0x0000000000001638       0x38 src/layers/selection_layer.c.8.o
 .rodata.str1.1
                0x0000000000001670      0x121 src/mileage-recorder.c.8.o
                                        0x12e (size before relaxing)
 .rodata.str1.1
                0x0000000000001791       0x7f src/windows/pin_window.c.8.o
                                         0x8d (size before relaxing)

.glue_7         0x0000000000001810        0x0
 .glue_7        0x0000000000000000        0x0 linker stubs

.glue_7t        0x0000000000001810        0x0
 .glue_7t       0x0000000000000000        0x0 linker stubs

.vfp11_veneer   0x0000000000001810        0x0
 .vfp11_veneer  0x0000000000000000        0x0 linker stubs

.v4_bx          0x0000000000001810        0x0
 .v4_bx         0x0000000000000000        0x0 linker stubs

.iplt           0x0000000000001810        0x0
 .iplt          0x0000000000000000        0x0 /Users/mattkram/pebble-dev/pebble-sdk-4.1.1-mac/arm-cs-tools/bin/../lib/gcc/arm-none-eabi/4.7.2/thumb2/crtbegin.o

.rel.dyn        0x0000000000001810        0x0
 .rel.iplt      0x0000000000000000        0x0 /Users/mattkram/pebble-dev/pebble-sdk-4.1.1-mac/arm-cs-tools/bin/../lib/gcc/arm-none-eabi/4.7.2/thumb2/crtbegin.o

.data           0x0000000000001810       0x14
 *(.data)
 .data          0x0000000000001810        0x0 /Users/mattkram/pebble-dev/pebble-sdk-4.1.1-mac/arm-cs-tools/bin/../lib/gcc/arm-none-eabi/4.7.2/thumb2/crti.o
 .data          0x0000000000001810        0x4 /Users/mattkram/pebble-dev/pebble-sdk-4.1.1-mac/arm-cs-tools/bin/../lib/gcc/arm-none-eabi/4.7.2/thumb2/crtbegin.o
                0x0000000000001810                __dso_handle
 .data          0x0000000000001814        0x0 src/helper_functions.c.8.o
 .data          0x0000000000001814        0x0 src/layers/selection_layer.c.8.o
 .data          0x0000000000001814        0x0 src/mileage-recorder.c.8.o
 .data          0x0000000000001814       0x10 src/windows/pin_window.c.8.o
 .data          0x0000000000001824        0x0 chalk/appinfo.auto.c.8.o
 .data          0x0000000000001824        0x0 /Users/mattkram/Library/Application Support/Pebble SDK/SDKs/current/sdk-core/pebble/chalk/lib/libpebble.a(tmpCVl7Qbpebble.o)
 .data          0x0000000000001824        0x0 /Users/mattkram/pebble-dev/pebble-sdk-4.1.1-mac/arm-cs-tools/bin/../lib/gcc/arm-none-eabi/4.7.2/thumb2/crtend.o
 .data          0x0000000000001824        0x0 /Users/mattkram/pebble-dev/pebble-sdk-4.1.1-mac/arm-cs-tools/bin/../lib/gcc/arm-none-eabi/4.7.2/thumb2/crtn.o
 *(.data.*)

.igot.plt       0x0000000000001824        0x0
 .igot.plt      0x0000000000000000        0x0 /Users/mattkram/pebble-dev/pebble-sdk-4.1.1-mac/arm-cs-tools/bin/../lib/gcc/arm-none-eabi/4.7.2/thumb2/crtbegin.o

.bss            0x0000000000001824       0x14
 *(.bss)
 *(.bss.*)
 .bss.s_quantity_value
                0x0000000000001824        0x4 src/mileage-recorder.c.8.o
 .bss.s_price_value
                0x0000000000001828        0x4 src/mileage-recorder.c.8.o
 .bss.s_menu_layer
                0x000000000000182c        0x4 src/mileage-recorder.c.8.o
 .bss.s_odometer_value
                0x0000000000001830        0x4 src/mileage-recorder.c.8.o
 .bss.s_main_window
                0x0000000000001834        0x4 src/mileage-recorder.c.8.o

DISCARD
 libc.a(*)
 libm.a(*)
 libgcc.a(*)
 *(.eh_frame)
OUTPUT(/Users/mattkram/dev/pebble/mileage-recorder/build/chalk/pebble-app.elf elf32-littlearm)

.ARM.attributes
                0x0000000000000000       0x27
 .ARM.attributes
                0x0000000000000000       0x19 /Users/mattkram/pebble-dev/pebble-sdk-4.1.1-mac/arm-cs-tools/bin/../lib/gcc/arm-none-eabi/4.7.2/thumb2/crti.o
 .ARM.attributes
                0x0000000000000019       0x29 /Users/mattkram/pebble-dev/pebble-sdk-4.1.1-mac/arm-cs-tools/bin/../lib/gcc/arm-none-eabi/4.7.2/thumb2/crtbegin.o
 .ARM.attributes
                0x0000000000000042       0x33 src/helper_functions.c.8.o
 .ARM.attributes
                0x0000000000000075       0x33 src/layers/selection_layer.c.8.o
 .ARM.attributes
                0x00000000000000a8       0x33 src/mileage-recorder.c.8.o
 .ARM.attributes
                0x00000000000000db       0x33 src/windows/pin_window.c.8.o
 .ARM.attributes
                0x000000000000010e       0x33 chalk/appinfo.auto.c.8.o
 .ARM.attributes
                0x0000000000000141       0x21 /Users/mattkram/Library/Application Support/Pebble SDK/SDKs/current/sdk-core/pebble/chalk/lib/libpebble.a(tmpCVl7Qbpebble.o)
 .ARM.attributes
                0x0000000000000162       0x29 /Users/mattkram/pebble-dev/pebble-sdk-4.1.1-mac/arm-cs-tools/bin/../lib/gcc/arm-none-eabi/4.7.2/thumb2/crtend.o
 .ARM.attributes
                0x000000000000018b       0x19 /Users/mattkram/pebble-dev/pebble-sdk-4.1.1-mac/arm-cs-tools/bin/../lib/gcc/arm-none-eabi/4.7.2/thumb2/crtn.o

.comment        0x0000000000000000       0x4e
 .comment       0x0000000000000000       0x4e /Users/mattkram/pebble-dev/pebble-sdk-4.1.1-mac/arm-cs-tools/bin/../lib/gcc/arm-none-eabi/4.7.2/thumb2/crtbegin.o
                                         0x4f (size before relaxing)
 .comment       0x0000000000000000       0x4f src/helper_functions.c.8.o
 .comment       0x0000000000000000       0x4f src/layers/selection_layer.c.8.o
 .comment       0x0000000000000000       0x4f src/mileage-recorder.c.8.o
 .comment       0x0000000000000000       0x4f src/windows/pin_window.c.8.o
 .comment       0x0000000000000000       0x4f chalk/appinfo.auto.c.8.o
 .comment       0x0000000000000000       0x4f /Users/mattkram/pebble-dev/pebble-sdk-4.1.1-mac/arm-cs-tools/bin/../lib/gcc/arm-none-eabi/4.7.2/thumb2/crtend.o

.debug_info     0x0000000000000000     0x52f1
 .debug_info    0x0000000000000000       0x84 src/helper_functions.c.8.o
 .debug_info    0x0000000000000084     0x2837 src/layers/selection_layer.c.8.o
 .debug_info    0x00000000000028bb     0x1694 src/mileage-recorder.c.8.o
 .debug_info    0x0000000000003f4f     0x10a1 src/windows/pin_window.c.8.o
 .debug_info    0x0000000000004ff0      0x301 chalk/appinfo.auto.c.8.o

.debug_abbrev   0x0000000000000000      0xcd2
 .debug_abbrev  0x0000000000000000       0x73 src/helper_functions.c.8.o
 .debug_abbrev  0x0000000000000073      0x4e4 src/layers/selection_layer.c.8.o
 .debug_abbrev  0x0000000000000557      0x3c2 src/mileage-recorder.c.8.o
 .debug_abbrev  0x0000000000000919      0x31b src/windows/pin_window.c.8.o
 .debug_abbrev  0x0000000000000c34       0x9e chalk/appinfo.auto.c.8.o

.debug_loc      0x0000000000000000     0x20e7
 .debug_loc     0x0000000000000000       0x5f src/helper_functions.c.8.o
 .debug_loc     0x000000000000005f     0x14e6 src/layers/selection_layer.c.8.o
 .debug_loc     0x0000000000001545      0x546 src/mileage-recorder.c.8.o
 .debug_loc     0x0000000000001a8b      0x65c src/windows/pin_window.c.8.o

.debug_aranges  0x0000000000000000      0x250
 .debug_aranges
                0x0000000000000000       0x20 src/helper_functions.c.8.o
 .debug_aranges
                0x0000000000000020      0x108 src/layers/selection_layer.c.8.o
 .debug_aranges
                0x0000000000000128       0x88 src/mileage-recorder.c.8.o
 .debug_aranges
                0x00000000000001b0       0x88 src/windows/pin_window.c.8.o
 .debug_aranges
                0x0000000000000238       0x18 chalk/appinfo.auto.c.8.o

.debug_ranges   0x0000000000000000      0x3d0
 .debug_ranges  0x0000000000000000       0x10 src/helper_functions.c.8.o
 .debug_ranges  0x0000000000000010      0x228 src/layers/selection_layer.c.8.o
 .debug_ranges  0x0000000000000238       0x78 src/mileage-recorder.c.8.o
 .debug_ranges  0x00000000000002b0      0x120 src/windows/pin_window.c.8.o

.debug_line     0x0000000000000000      0xf96
 .debug_line    0x0000000000000000       0x5d src/helper_functions.c.8.o
 .debug_line    0x000000000000005d      0x5fd src/layers/selection_layer.c.8.o
 .debug_line    0x000000000000065a      0x38a src/mileage-recorder.c.8.o
 .debug_line    0x00000000000009e4      0x453 src/windows/pin_window.c.8.o
 .debug_line    0x0000000000000e37      0x15f chalk/appinfo.auto.c.8.o

.debug_str      0x0000000000000000     0x1f2b
 .debug_str     0x0000000000000000       0x64 src/helper_functions.c.8.o
                                         0x6a (size before relaxing)
 .debug_str     0x0000000000000064      0xf53 src/layers/selection_layer.c.8.o
                                       0x110d (size before relaxing)
 .debug_str     0x0000000000000fb7      0xb43 src/mileage-recorder.c.8.o
                                        0xd75 (size before relaxing)
 .debug_str     0x0000000000001afa      0x29e src/windows/pin_window.c.8.o
                                        0x849 (size before relaxing)
 .debug_str     0x0000000000001d98      0x193 chalk/appinfo.auto.c.8.o
                                        0x28b (size before relaxing)

.debug_frame    0x0000000000000000      0x664
 .debug_frame   0x0000000000000000       0x20 src/helper_functions.c.8.o
 .debug_frame   0x0000000000000020      0x378 src/layers/selection_layer.c.8.o
 .debug_frame   0x0000000000000398      0x16c src/mileage-recorder.c.8.o
 .debug_frame   0x0000000000000504      0x160 src/windows/pin_window.c.8.o
